--------------------------------------------------------------------------------------
Timing Analyzer Summary
--------------------------------------------------------------------------------------

Type           : Worst-case tco
Slack          : N/A
Required Time  : None
Actual Time    : 16.307 ns
From           : MuxALUSrcB:MuxALUSrcB|MuxALUSrcBOut[0]
To             : AluResult[30]
From Clock     : clock
To Clock       : --
Failed Paths   : 0

Type           : Clock Setup: 'clock'
Slack          : N/A
Required Time  : None
Actual Time    : 45.42 MHz ( period = 22.018 ns )
From           : MuxALUSrcB:MuxALUSrcB|MuxALUSrcBOut[0]
To             : Controle:Controle|RegData[0]
From Clock     : clock
To Clock       : clock
Failed Paths   : 0

Type           : Clock Hold: 'clock'
Slack          : Not operational: Clock Skew > Data Delay
Required Time  : None
Actual Time    : N/A
From           : Registrador:B|Saida[20]
To             : MuxALUSrcB:MuxALUSrcB|MuxALUSrcBOut[20]
From Clock     : clock
To Clock       : clock
Failed Paths   : 131

Type           : Total number of failed paths
Slack          : 
Required Time  : 
Actual Time    : 
From           : 
To             : 
From Clock     : 
To Clock       : 
Failed Paths   : 131

--------------------------------------------------------------------------------------

