--------------------------------------------------------------------------------------
Timing Analyzer Summary
--------------------------------------------------------------------------------------

Type           : Worst-case tsu
Slack          : N/A
Required Time  : None
Actual Time    : 8.117 ns
From           : reset
To             : multiplier:multiplier|product[59]
From Clock     : --
To Clock       : clock
Failed Paths   : 0

Type           : Worst-case tco
Slack          : N/A
Required Time  : None
Actual Time    : 17.747 ns
From           : MuxALUSrcB:MuxALUSrcB|MuxALUSrcBOut[1]
To             : MuxMemAddOut[30]
From Clock     : clock
To Clock       : --
Failed Paths   : 0

Type           : Worst-case th
Slack          : N/A
Required Time  : None
Actual Time    : -0.081 ns
From           : reset
To             : Controle:Controle|RegDest[2]
From Clock     : --
To Clock       : clock
Failed Paths   : 0

Type           : Clock Setup: 'clock'
Slack          : N/A
Required Time  : None
Actual Time    : 45.55 MHz ( period = 21.956 ns )
From           : MuxALUSrcA:MuxALUSrcA|MuxALUSrcAOut[7]
To             : Controle:Controle|PCWrite
From Clock     : clock
To Clock       : clock
Failed Paths   : 0

Type           : Clock Hold: 'clock'
Slack          : Not operational: Clock Skew > Data Delay
Required Time  : None
Actual Time    : N/A
From           : Registrador:XCHG|Saida[28]
To             : MuxRegData:MuxRegData|MuxRegDataOut[28]
From Clock     : clock
To Clock       : clock
Failed Paths   : 705

Type           : Total number of failed paths
Slack          : 
Required Time  : 
Actual Time    : 
From           : 
To             : 
From Clock     : 
To Clock       : 
Failed Paths   : 705

--------------------------------------------------------------------------------------

